// Jest Snapshot v1, https://goo.gl/fbAQLP

exports[`ShowList smoke test 1`] = `
ShallowWrapper {
  Symbol(enzyme.__root__): [Circular],
  Symbol(enzyme.__unrendered__): <ShowList
    addToCart={[Function]}
    handlePageClick={[Function]}
    items={Array []}
    pageCount={10}
    searchText=""
  />,
  Symbol(enzyme.__renderer__): Object {
    "batchedUpdates": [Function],
    "checkPropTypes": [Function],
    "getNode": [Function],
    "render": [Function],
    "simulateError": [Function],
    "simulateEvent": [Function],
    "unmount": [Function],
  },
  Symbol(enzyme.__node__): Object {
    "instance": null,
    "key": undefined,
    "nodeType": "host",
    "props": Object {
      "children": Array [
        false,
        <div
          className="items"
        />,
        <div
          className="pagingbar"
        >
          <PaginationBoxView
            activeClassName="active"
            breakClassName="break-me"
            breakLabel="..."
            containerClassName="pagination"
            disableInitialCallback={false}
            disabledClassName="disabled"
            marginPagesDisplayed={2}
            nextClassName="next"
            nextLabel="next"
            onPageChange={[Function]}
            pageCount={10}
            pageRangeDisplayed={5}
            previousClassName="previous"
            previousLabel="previous"
          />
        </div>,
      ],
      "className": "showlist",
    },
    "ref": null,
    "rendered": Array [
      false,
      Object {
        "instance": null,
        "key": undefined,
        "nodeType": "host",
        "props": Object {
          "children": Array [],
          "className": "items",
        },
        "ref": null,
        "rendered": Array [],
        "type": "div",
      },
      Object {
        "instance": null,
        "key": undefined,
        "nodeType": "host",
        "props": Object {
          "children": <PaginationBoxView
            activeClassName="active"
            breakClassName="break-me"
            breakLabel="..."
            containerClassName="pagination"
            disableInitialCallback={false}
            disabledClassName="disabled"
            marginPagesDisplayed={2}
            nextClassName="next"
            nextLabel="next"
            onPageChange={[Function]}
            pageCount={10}
            pageRangeDisplayed={5}
            previousClassName="previous"
            previousLabel="previous"
          />,
          "className": "pagingbar",
        },
        "ref": null,
        "rendered": Object {
          "instance": null,
          "key": undefined,
          "nodeType": "class",
          "props": Object {
            "activeClassName": "active",
            "breakClassName": "break-me",
            "breakLabel": "...",
            "containerClassName": "pagination",
            "disableInitialCallback": false,
            "disabledClassName": "disabled",
            "marginPagesDisplayed": 2,
            "nextClassName": "next",
            "nextLabel": "next",
            "onPageChange": [Function],
            "pageCount": 10,
            "pageRangeDisplayed": 5,
            "previousClassName": "previous",
            "previousLabel": "previous",
          },
          "ref": null,
          "rendered": null,
          "type": [Function],
        },
        "type": "div",
      },
    ],
    "type": "div",
  },
  Symbol(enzyme.__nodes__): Array [
    Object {
      "instance": null,
      "key": undefined,
      "nodeType": "host",
      "props": Object {
        "children": Array [
          false,
          <div
            className="items"
          />,
          <div
            className="pagingbar"
          >
            <PaginationBoxView
              activeClassName="active"
              breakClassName="break-me"
              breakLabel="..."
              containerClassName="pagination"
              disableInitialCallback={false}
              disabledClassName="disabled"
              marginPagesDisplayed={2}
              nextClassName="next"
              nextLabel="next"
              onPageChange={[Function]}
              pageCount={10}
              pageRangeDisplayed={5}
              previousClassName="previous"
              previousLabel="previous"
            />
          </div>,
        ],
        "className": "showlist",
      },
      "ref": null,
      "rendered": Array [
        false,
        Object {
          "instance": null,
          "key": undefined,
          "nodeType": "host",
          "props": Object {
            "children": Array [],
            "className": "items",
          },
          "ref": null,
          "rendered": Array [],
          "type": "div",
        },
        Object {
          "instance": null,
          "key": undefined,
          "nodeType": "host",
          "props": Object {
            "children": <PaginationBoxView
              activeClassName="active"
              breakClassName="break-me"
              breakLabel="..."
              containerClassName="pagination"
              disableInitialCallback={false}
              disabledClassName="disabled"
              marginPagesDisplayed={2}
              nextClassName="next"
              nextLabel="next"
              onPageChange={[Function]}
              pageCount={10}
              pageRangeDisplayed={5}
              previousClassName="previous"
              previousLabel="previous"
            />,
            "className": "pagingbar",
          },
          "ref": null,
          "rendered": Object {
            "instance": null,
            "key": undefined,
            "nodeType": "class",
            "props": Object {
              "activeClassName": "active",
              "breakClassName": "break-me",
              "breakLabel": "...",
              "containerClassName": "pagination",
              "disableInitialCallback": false,
              "disabledClassName": "disabled",
              "marginPagesDisplayed": 2,
              "nextClassName": "next",
              "nextLabel": "next",
              "onPageChange": [Function],
              "pageCount": 10,
              "pageRangeDisplayed": 5,
              "previousClassName": "previous",
              "previousLabel": "previous",
            },
            "ref": null,
            "rendered": null,
            "type": [Function],
          },
          "type": "div",
        },
      ],
      "type": "div",
    },
  ],
  Symbol(enzyme.__options__): Object {
    "adapter": ReactSixteenAdapter {
      "options": Object {
        "enableComponentDidUpdateOnSetState": true,
        "legacyContextMode": "parent",
        "lifecycles": Object {
          "componentDidUpdate": Object {
            "onSetState": true,
          },
          "getChildContext": Object {
            "calledByRenderer": false,
          },
          "getDerivedStateFromError": true,
          "getDerivedStateFromProps": Object {
            "hasShouldComponentUpdateBug": false,
          },
          "getSnapshotBeforeUpdate": true,
          "setState": Object {
            "skipsComponentDidUpdateOnNullish": true,
          },
        },
      },
    },
  },
  Symbol(enzyme.__childContext__): null,
}
`;
